gembase_name	orig_name	to_annotate	gsize	nb_conts	L90
PHIN.0723.00002	/data/marine_diseases_lab/jessica/src/phaeobacter_comparison_2023/panacota/QC_out/tmp_files/GCF_000154765.2_ASM15476v2_genomic.fna_prepare-split5N.fna	/data/marine_diseases_lab/jessica/src/phaeobacter_comparison_2023/panacota/QC_out/tmp_files/GCF_000154765.2_ASM15476v2_genomic.fna_prepare-split5N.fna	4227134	4	1
PHIN.0723.00006	/data/marine_diseases_lab/jessica/src/phaeobacter_comparison_2023/panacota/QC_out/tmp_files/GCF_003443555.1_ASM344355v1_genomic.fna_prepare-split5N.fna	/data/marine_diseases_lab/jessica/src/phaeobacter_comparison_2023/panacota/QC_out/tmp_files/GCF_003443555.1_ASM344355v1_genomic.fna_prepare-split5N.fna	4160913	4	1
PHIN.0723.00007	/data/marine_diseases_lab/jessica/src/phaeobacter_comparison_2023/panacota/QC_out/tmp_files/GCF_003443575.1_ASM344357v1_genomic.fna_prepare-split5N.fna	/data/marine_diseases_lab/jessica/src/phaeobacter_comparison_2023/panacota/QC_out/tmp_files/GCF_003443575.1_ASM344357v1_genomic.fna_prepare-split5N.fna	4188145	4	1
PHIN.0723.00008	/data/marine_diseases_lab/jessica/src/phaeobacter_comparison_2023/panacota/QC_out/tmp_files/GCF_030060455.1_ASM3006045v1_genomic.fna_prepare-split5N.fna	/data/marine_diseases_lab/jessica/src/phaeobacter_comparison_2023/panacota/QC_out/tmp_files/GCF_030060455.1_ASM3006045v1_genomic.fna_prepare-split5N.fna	4385166	4	1
